// Jest Snapshot v1, https://goo.gl/fbAQLP

exports[`FeedbackService should return a list of feedbacks 1`] = `
Object {
  "data": Object {},
}
`;
