// Jest Snapshot v1, https://goo.gl/fbAQLP

exports[`<Icon/> should render a Icon 1`] = `<anonymous-stub name="[object Object]"></anonymous-stub>`;
